Atualizado server/lib/petbotAgent.js
Atualizado server/lib/chat.js
Atualizado scripts/petbot-diagnostic-suite.mjs
Atualizado test/petbotSemantics.test.mjs
TAP version 13
# Subtest: confirmação semântica depende do estado transacional e não de uma palavra específica
ok 1 - confirmação semântica depende do estado transacional e não de uma palavra específica
  ---
  duration_ms: 3.627325
  type: 'test'
  ...
# Subtest: baixa confiança não altera escolhas críticas e mantém o fallback seguro
ok 2 - baixa confiança não altera escolhas críticas e mantém o fallback seguro
  ---
  duration_ms: 0.999703
  type: 'test'
  ...
# Subtest: intenção de transporte separa pergunta, escolha nominal e escolha ordinal
ok 3 - intenção de transporte separa pergunta, escolha nominal e escolha ordinal
  ---
  duration_ms: 0.396563
  type: 'test'
  ...
# Subtest: contexto pendente de transporte completa alvo sem transformar pergunta em seleção
ok 4 - contexto pendente de transporte completa alvo sem transformar pergunta em seleção
  ---
  duration_ms: 0.290394
  type: 'test'
  ...
# Subtest: venda aceita significado estruturado mesmo quando a frase não pertence ao dicionário lexical
ok 5 - venda aceita significado estruturado mesmo quando a frase não pertence ao dicionário lexical
  ---
  duration_ms: 6.413875
  type: 'test'
  ...
# Subtest: mudança semântica de embalagem substitui a escolha anterior sem exigir grafia exata
ok 6 - mudança semântica de embalagem substitui a escolha anterior sem exigir grafia exata
  ---
  duration_ms: 3.845877
  type: 'test'
  ...
# Subtest: banho e veterinária compartilham atos semânticos sem compartilhar regras operacionais
ok 7 - banho e veterinária compartilham atos semânticos sem compartilhar regras operacionais
  ---
  duration_ms: 0.787444
  type: 'test'
  ...
# Subtest: pedido de atendimento humano é uma intenção canônica com destino estruturado
ok 8 - pedido de atendimento humano é uma intenção canônica com destino estruturado
  ---
  duration_ms: 0.275266
  type: 'test'
  ...
# Subtest: normalização preserva a taxonomia semântica e quantidade fracionada
ok 9 - normalização preserva a taxonomia semântica e quantidade fracionada
  ---
  duration_ms: 0.459791
  type: 'test'
  ...
# Subtest: memória de serviço preserva fatos quando peso chega depois de outras mensagens
ok 10 - memória de serviço preserva fatos quando peso chega depois de outras mensagens
  ---
  duration_ms: 1.125458
  type: 'test'
  ...
# Subtest: pergunta sobre conteúdo do banho usa mensagem aprovada sem virar troca de serviço
ok 11 - pergunta sobre conteúdo do banho usa mensagem aprovada sem virar troca de serviço
  ---
  duration_ms: 1.250693
  type: 'test'
  ...
# Subtest: MotoDog distingue modalidade generica das tres opcoes reais e preserva endereco
ok 12 - MotoDog distingue modalidade generica das tres opcoes reais e preserva endereco
  ---
  duration_ms: 0.42134
  type: 'test'
  ...
# Subtest: veterinária prioriza pergunta objetiva de consulta mesmo quando há sintoma urgente
ok 13 - veterinária prioriza pergunta objetiva de consulta mesmo quando há sintoma urgente
  ---
  duration_ms: 13.897785
  type: 'test'
  ...
# Subtest: pedido de remédio oferece consulta antes de atendimento humano
ok 14 - pedido de remédio oferece consulta antes de atendimento humano
  ---
  duration_ms: 1.164472
  type: 'test'
  ...
# Subtest: aceite continua consulta e recusa apenas oferece atendimento humano
ok 15 - aceite continua consulta e recusa apenas oferece atendimento humano
  ---
  duration_ms: 0.856213
  type: 'test'
  ...
# Subtest: consulta ausente oferece confirmação humana sem transferir automaticamente
ok 16 - consulta ausente oferece confirmação humana sem transferir automaticamente
  ---
  duration_ms: 0.212197
  type: 'test'
  ...
# Subtest: risco veterinário só vira emergência automática com sinal explícito
ok 17 - risco veterinário só vira emergência automática com sinal explícito
  ---
  duration_ms: 0.773218
  type: 'test'
  ...
# Subtest: retirada de produto tem prioridade semântica sobre transporte do pet
ok 18 - retirada de produto tem prioridade semântica sobre transporte do pet
  ---
  duration_ms: 0.251471
  type: 'test'
  ...
# Subtest: resolvedor distingue tosa e cuidados específicos do catálogo
ok 19 - resolvedor distingue tosa e cuidados específicos do catálogo
  ---
  duration_ms: 3.210504
  type: 'test'
  ...
# Subtest: metadado de espécie genérico não restringe serviço válido
ok 20 - metadado de espécie genérico não restringe serviço válido
  ---
  duration_ms: 0.47532
  type: 'test'
  ...
1..20
# tests 20
# suites 0
# pass 20
# fail 0
# cancelled 0
# skipped 0
# todo 0
# duration_ms 139.96826
